B: CREATE EXTENSION yesno_pg;
B: DO $$ BEGIN EXECUTE format( 'CREATE SERVER fdwiso FOREIGN DATA WRAPPER yesno_fdw OPTIONS ( endpoint %L )', current_setting( 'yesno_pg.endpoint' ) ); END $$;
B: CREATE FOREIGN TABLE ft ( ordinal bigint ) SERVER fdwiso OPTIONS ( key '500' );
B: INSERT INTO ft VALUES ( 1 ), ( 2 ), ( 3 );
A: BEGIN TRANSACTION ISOLATION LEVEL REPEATABLE READ;
A: SELECT count(*) AS count_first FROM ft;
 count_first 
-------------
           3
(1 row)

A: SELECT max( ordinal ) AS max_first FROM ft;
 max_first 
-----------
         3
(1 row)

B: INSERT INTO ft VALUES ( 4 );
A: SELECT count(*) AS count_second FROM ft;
 count_second 
--------------
            3
(1 row)

A: SELECT max( ordinal ) AS max_second FROM ft;
 max_second 
------------
          3
(1 row)

A: COMMIT;
A: BEGIN TRANSACTION ISOLATION LEVEL REPEATABLE READ;
A: SELECT count(*) AS count_new_txn FROM ft;
 count_new_txn 
---------------
             4
(1 row)

A: COMMIT;
B: SELECT count(*) AS after_commit FROM ft;
 after_commit 
--------------
            4
(1 row)

B: DELETE FROM ft;
B: DROP FOREIGN TABLE ft;
B: DROP SERVER fdwiso;
B: DROP EXTENSION yesno_pg CASCADE;
