B: CREATE EXTENSION yesno_pg;
B: CREATE TABLE isoc ( ordinal bigint ) USING yesno_table;
B: INSERT INTO isoc VALUES ( 1 ), ( 2 ), ( 3 );
A: BEGIN TRANSACTION ISOLATION LEVEL REPEATABLE READ;
A: SELECT count(*) AS first_read FROM isoc;
 first_read 
------------
          3
(1 row)

A: SELECT length( current_setting( 'yesno_pg.endpoint' ) ) AS endpoint_len;
 endpoint_len 
--------------
            0
(1 row)

B: INSERT INTO isoc VALUES ( 4 );
A: SELECT count(*) AS second_read FROM isoc;
 second_read 
-------------
           3
(1 row)

A: COMMIT;
A: BEGIN TRANSACTION ISOLATION LEVEL REPEATABLE READ;
A: SELECT count(*) AS third_read_new_txn FROM isoc;
 third_read_new_txn 
--------------------
                  4
(1 row)

A: COMMIT;
B: SELECT count(*) AS after_commit FROM isoc;
 after_commit 
--------------
            4
(1 row)

B: DROP TABLE isoc;
B: DROP EXTENSION yesno_pg CASCADE;
