B: CREATE EXTENSION yesno_pg;
B: CREATE TABLE iso ( ordinal bigint ) USING yesno_table;
B: INSERT INTO iso VALUES ( 1 ), ( 2 ), ( 3 );
A: BEGIN TRANSACTION ISOLATION LEVEL REPEATABLE READ;
A: SELECT count(*) AS first_read FROM iso;
 first_read 
------------
          3
(1 row)

B: INSERT INTO iso VALUES ( 4 );
A: SELECT count(*) AS second_read FROM iso;
 second_read 
-------------
           3
(1 row)

A: COMMIT;
A: BEGIN TRANSACTION ISOLATION LEVEL REPEATABLE READ;
A: SELECT count(*) AS third_read_new_txn FROM iso;
 third_read_new_txn 
--------------------
                  4
(1 row)

A: COMMIT;
B: SELECT count(*) AS after_commit FROM iso;
 after_commit 
--------------
            4
(1 row)

B: DROP TABLE iso;
B: DROP EXTENSION yesno_pg CASCADE;
