B: CREATE EXTENSION yesno_pg;
B: CREATE TABLE k1 ( ordinal bigint ) USING yesno_table;
B: CREATE TABLE k2 ( ordinal bigint ) USING yesno_table;
B: INSERT INTO k1 VALUES ( 1 ), ( 2 ), ( 3 );
B: INSERT INTO k2 VALUES ( 10 ), ( 20 );
A: BEGIN TRANSACTION ISOLATION LEVEL REPEATABLE READ;
A: SELECT count(*) AS k1_first FROM k1;
 k1_first 
----------
        3
(1 row)

B: INSERT INTO k2 VALUES ( 30 );
A: SELECT count(*) AS k2_under_pin FROM k2;
 k2_under_pin 
--------------
            2
(1 row)

A: SELECT count(*) AS k1_again FROM k1;
 k1_again 
----------
        3
(1 row)

A: COMMIT;
A: BEGIN TRANSACTION ISOLATION LEVEL REPEATABLE READ;
A: SELECT count(*) AS k2_after FROM k2;
 k2_after 
----------
        3
(1 row)

A: COMMIT;
B: DROP TABLE k1;
B: DROP TABLE k2;
B: DROP EXTENSION yesno_pg CASCADE;
