B: CREATE EXTENSION yesno_pg;
B: CREATE TABLE c1 ( ordinal bigint ) USING yesno_table;
B: CREATE TABLE c2 ( ordinal bigint ) USING yesno_table;
B: INSERT INTO c1 VALUES ( 1 ), ( 2 ), ( 3 );
B: INSERT INTO c2 VALUES ( 10 ), ( 20 );
A: BEGIN TRANSACTION ISOLATION LEVEL REPEATABLE READ;
A: SELECT count(*) AS c1_first FROM c1;
 c1_first 
----------
        3
(1 row)

A: SELECT length( current_setting( 'yesno_pg.endpoint' ) ) AS endpoint_len;
 endpoint_len 
--------------
            0
(1 row)

B: INSERT INTO c2 VALUES ( 30 );
A: SELECT count(*) AS c2_under_pin FROM c2;
 c2_under_pin 
--------------
            2
(1 row)

A: SELECT count(*) AS c1_again FROM c1;
 c1_again 
----------
        3
(1 row)

A: COMMIT;
A: BEGIN TRANSACTION ISOLATION LEVEL REPEATABLE READ;
A: SELECT count(*) AS c2_after FROM c2;
 c2_after 
----------
        3
(1 row)

A: COMMIT;
B: DROP TABLE c1;
B: DROP TABLE c2;
B: DROP EXTENSION yesno_pg CASCADE;
